Flow report for exp_cpu
Tue Jan 01 01:24:17 2002
Version 5.1 Build 176 10/26/2005 SJ Full Version


---------------------
; Table of Contents ;
---------------------
  1. Legal Notice
  2. Flow Summary
  3. Flow Settings
  4. Flow Elapsed Time
  5. Flow Log



----------------
; Legal Notice ;
----------------
Copyright (C) 1991-2005 Altera Corporation
Your use of Altera Corporation's design tools, logic functions 
and other software and tools, and its AMPP partner logic 
functions, and any output files any of the foregoing 
(including device programming or simulation files), and any 
associated documentation or information are expressly subject 
to the terms and conditions of the Altera Program License 
Subscription Agreement, Altera MegaCore Function License 
Agreement, or other applicable license agreement, including, 
without limitation, that your use is for the sole purpose of 
programming logic devices manufactured by Altera and sold by 
Altera or its authorized distributors.  Please refer to the 
applicable agreement for further details.



+-------------------------------------------------------------------------------+
; Flow Summary                                                                  ;
+------------------------------------+------------------------------------------+
; Flow Status                        ; Successful - Tue Jan 01 01:24:17 2002    ;
; Quartus II Version                 ; 5.1 Build 176 10/26/2005 SJ Full Version ;
; Revision Name                      ; exp_cpu                                  ;
; Top-level Entity Name              ; exp_cpu                                  ;
; Family                             ; Cyclone II                               ;
; Device                             ; EP2C20Q240C8                             ;
; Timing Models                      ; Preliminary                              ;
; Met timing requirements            ; Yes                                      ;
; Total logic elements               ; 200 / 18,752 ( 1 % )                     ;
; Total registers                    ; 54                                       ;
; Total pins                         ; 35 / 142 ( 25 % )                        ;
; Total virtual pins                 ; 0                                        ;
; Total memory bits                  ; 0 / 239,616 ( 0 % )                      ;
; Embedded Multiplier 9-bit elements ; 0 / 52 ( 0 % )                           ;
; Total PLLs                         ; 0 / 4 ( 0 % )                            ;
+------------------------------------+------------------------------------------+


+-----------------------------------------+
; Flow Settings                           ;
+-------------------+---------------------+
; Option            ; Setting             ;
+-------------------+---------------------+
; Start date & time ; 01/01/2002 01:23:47 ;
; Main task         ; Compilation         ;
; Revision Name     ; exp_cpu             ;
+-------------------+---------------------+


+-------------------------------------+
; Flow Elapsed Time                   ;
+----------------------+--------------+
; Module Name          ; Elapsed Time ;
+----------------------+--------------+
; Analysis & Synthesis ; 00:00:07     ;
; Fitter               ; 00:00:12     ;
; Assembler            ; 00:00:06     ;
; Timing Analyzer      ; 00:00:02     ;
; Total                ; 00:00:27     ;
+----------------------+--------------+


------------
; Flow Log ;
------------
quartus_map --read_settings_files=on --write_settings_files=off exp_cpu -c exp_cpu
quartus_fit --read_settings_files=off --write_settings_files=off exp_cpu -c exp_cpu
quartus_asm --read_settings_files=off --write_settings_files=off exp_cpu -c exp_cpu
quartus_tan --read_settings_files=off --write_settings_files=off exp_cpu -c exp_cpu --timing_analysis_only



